[2026-09-04T18:14:03.779-0700][0.005s] Initializing The Z Garbage Collector
[2026-09-04T18:14:03.779-0700][0.005s] Version: 25.0.2+10-jvmci-b01 (release)
[2026-09-04T18:14:03.779-0700][0.005s] NUMA Support: Disabled
[2026-09-04T18:14:03.779-0700][0.005s] CPUs: 10 total, 10 available
[2026-09-04T18:14:03.779-0700][0.005s] Memory: 16384M
[2026-09-04T18:14:03.779-0700][0.005s] Large Page Support: Disabled
[2026-09-04T18:14:03.779-0700][0.005s] Address Space Size: unlimited
[2026-09-04T18:14:03.779-0700][0.005s] Reserved Space Type: Contiguous/Unrestricted/Complete
[2026-09-04T18:14:03.779-0700][0.005s] Reserved Space Size: 64G
[2026-09-04T18:14:03.779-0700][0.005s] Min Capacity: 2048M
[2026-09-04T18:14:03.779-0700][0.005s] Initial Capacity: 2048M
[2026-09-04T18:14:03.779-0700][0.005s] Max Capacity: 4096M
[2026-09-04T18:14:03.779-0700][0.005s] Soft Max Capacity: 4096M
[2026-09-04T18:14:03.779-0700][0.005s] Page Size Medium: Range [4M, 32M]
[2026-09-04T18:14:03.779-0700][0.005s] Pre-touch: Disabled
[2026-09-04T18:14:03.779-0700][0.005s] Uncommit: Disabled
[2026-09-04T18:14:03.779-0700][0.005s] GC Workers for Old Generation: 3 (dynamic)
[2026-09-04T18:14:03.780-0700][0.005s] GC Workers for Young Generation: 3 (dynamic)
[2026-09-04T18:14:03.780-0700][0.005s] GC Workers Max: 3 (dynamic)
[2026-09-04T18:14:03.780-0700][0.005s] Runtime Workers: 6
[2026-09-04T18:14:03.780-0700][0.006s] Using The Z Garbage Collector
[2026-09-04T18:14:03.780-0700][0.006s] CDS archive(s) not mapped
[2026-09-04T18:14:03.780-0700][0.006s] Compressed class space mapped at: 0x00003ff800000000-0x00003ff840000000, reserved size: 1073741824
[2026-09-04T18:14:03.780-0700][0.006s] UseCompressedClassPointers 1, UseCompactObjectHeaders 1
[2026-09-04T18:14:03.780-0700][0.006s] Narrow klass pointer bits 22, Max shift 10
[2026-09-04T18:14:03.780-0700][0.006s] Narrow klass base: 0x00003ff800000000, Narrow klass shift: 9
[2026-09-04T18:14:03.780-0700][0.006s] Encoding Range: [0x00003ff800000000 - 0x00003ff880000000), (2147483648 bytes)
[2026-09-04T18:14:03.780-0700][0.006s] Klass Range:    [0x00003ff800000000 - 0x00003ff840000000), (1073741824 bytes)
[2026-09-04T18:14:03.780-0700][0.006s] Klass ID Range:  [1 - 2097152) (2097151)
[2026-09-04T18:14:03.780-0700][0.006s] Protection zone: [0x00003ff800000000 - 0x00003ff800010000), (65536 bytes)
[2026-09-04T18:14:04.347-0700][0.572s] GC(0) Major Collection (Metadata GC Threshold)
[2026-09-04T18:14:04.347-0700][0.573s] GC(0) Using 1 Workers for Young Generation
[2026-09-04T18:14:04.347-0700][0.573s] GC(0) Using 1 Workers for Old Generation
[2026-09-04T18:14:04.347-0700][0.573s] GC(0) Y: Young Generation
[2026-09-04T18:14:04.347-0700][0.573s] GC(0) Y: Pause Mark Start (Major) 0.006ms
[2026-09-04T18:14:04.352-0700][0.578s] GC(0) Y: Concurrent Mark 5.562ms
[2026-09-04T18:14:04.352-0700][0.578s] GC(0) Y: Pause Mark End 0.004ms
[2026-09-04T18:14:04.352-0700][0.578s] GC(0) Y: Concurrent Mark Free 0.001ms
[2026-09-04T18:14:04.352-0700][0.578s] GC(0) Y: Concurrent Reset Relocation Set 0.000ms
[2026-09-04T18:14:04.352-0700][0.578s] GC(0) Y: Using tenuring threshold: 1 (Computed)
[2026-09-04T18:14:04.353-0700][0.578s] GC(0) Y: Concurrent Select Relocation Set 0.150ms
[2026-09-04T18:14:04.353-0700][0.578s] GC(0) Y: Pause Relocate Start 0.002ms
[2026-09-04T18:14:04.355-0700][0.581s] GC(0) Y: Concurrent Relocate 2.121ms
[2026-09-04T18:14:04.355-0700][0.581s] GC(0) Y:                         Mark Start        Mark End      Relocate Start    Relocate End   
[2026-09-04T18:14:04.355-0700][0.581s] GC(0) Y: Allocation Stalls:          0                0                0                0         
[2026-09-04T18:14:04.355-0700][0.581s] GC(0) Y: Load: 1.86 (19%) / 1.40 (14%) / 1.43 (14%)
[2026-09-04T18:14:04.355-0700][0.581s] GC(0) Y: MMU: 2ms/99.7%, 5ms/99.9%, 10ms/99.9%, 20ms/99.9%, 50ms/100.0%, 100ms/100.0%
[2026-09-04T18:14:04.355-0700][0.581s] GC(0) Y: Mark: 1 stripe(s), 2 proactive flush(es), 1 terminate flush(es), 0 completion(s), 0 continuation(s) 
[2026-09-04T18:14:04.355-0700][0.581s] GC(0) Y: NMethods: 2289 registered, 0 unregistered
[2026-09-04T18:14:04.355-0700][0.581s] GC(0) Y: Metaspace: 20M used, 21M committed, 1088M reserved
[2026-09-04T18:14:04.355-0700][0.581s] GC(0) Y:                        Candidates     Selected     In-Place         Size        Empty    Relocated 
[2026-09-04T18:14:04.355-0700][0.581s] GC(0) Y: Small Pages:                   25           22            0          50M           0M           4M 
[2026-09-04T18:14:04.355-0700][0.581s] GC(0) Y: Medium Pages:                   1            0            0          32M           0M           0M 
[2026-09-04T18:14:04.355-0700][0.581s] GC(0) Y: Large Pages:                    0            0            0           0M           0M           0M 
[2026-09-04T18:14:04.355-0700][0.581s] GC(0) Y: Forwarding Usage: 1M
[2026-09-04T18:14:04.355-0700][0.581s] GC(0) Y: Age Table:
[2026-09-04T18:14:04.355-0700][0.581s] GC(0) Y:                    Live             Garbage             Small              Medium             Large        
[2026-09-04T18:14:04.355-0700][0.581s] GC(0) Y: Eden               5M (0%)           76M (2%)          25 / 22             1 / 0              0 / 0        
[2026-09-04T18:14:04.355-0700][0.581s] GC(0) Y: Min Capacity: 2048M(50%)
[2026-09-04T18:14:04.355-0700][0.581s] GC(0) Y: Max Capacity: 4096M(100%)
[2026-09-04T18:14:04.355-0700][0.581s] GC(0) Y: Soft Max Capacity: 4096M(100%)
[2026-09-04T18:14:04.355-0700][0.581s] GC(0) Y: Heap Statistics:
[2026-09-04T18:14:04.355-0700][0.581s] GC(0) Y:                Mark Start          Mark End        Relocate Start      Relocate End           High               Low         
[2026-09-04T18:14:04.355-0700][0.581s] GC(0) Y:  Capacity:     2048M (50%)        2048M (50%)        2048M (50%)        2048M (50%)        2048M (50%)        2048M (50%)    
[2026-09-04T18:14:04.355-0700][0.581s] GC(0) Y:      Free:     4014M (98%)        4012M (98%)        4012M (98%)        4054M (99%)        4054M (99%)        4008M (98%)    
[2026-09-04T18:14:04.355-0700][0.581s] GC(0) Y:      Used:       82M (2%)           84M (2%)           84M (2%)           42M (1%)           88M (2%)           42M (1%)     
[2026-09-04T18:14:04.355-0700][0.581s] GC(0) Y: Young Generation Statistics:
[2026-09-04T18:14:04.355-0700][0.581s] GC(0) Y:                Mark Start          Mark End        Relocate Start      Relocate End    
[2026-09-04T18:14:04.355-0700][0.581s] GC(0) Y:      Used:       82M (2%)           84M (2%)           84M (2%)           42M (1%)     
[2026-09-04T18:14:04.355-0700][0.581s] GC(0) Y:      Live:         -                 5M (0%)            5M (0%)            5M (0%)     
[2026-09-04T18:14:04.355-0700][0.581s] GC(0) Y:   Garbage:         -                76M (2%)           76M (2%)           31M (1%)     
[2026-09-04T18:14:04.355-0700][0.581s] GC(0) Y: Allocated:         -                 2M (0%)            2M (0%)            4M (0%)     
[2026-09-04T18:14:04.355-0700][0.581s] GC(0) Y: Reclaimed:         -                  -                 0M (0%)           44M (1%)     
[2026-09-04T18:14:04.355-0700][0.581s] GC(0) Y:  Promoted:         -                  -                 0M (0%)            0M (0%)     
[2026-09-04T18:14:04.355-0700][0.581s] GC(0) Y: Compacted:         -                  -                  -                 5M (0%)     
[2026-09-04T18:14:04.355-0700][0.581s] GC(0) Y: Young Generation 82M(2%)->42M(1%) 0.008s
[2026-09-04T18:14:04.355-0700][0.581s] GC(0) O: Old Generation
[2026-09-04T18:14:04.355-0700][0.581s] GC(0) O: Concurrent Mark 0.293ms
[2026-09-04T18:14:04.355-0700][0.581s] GC(0) O: Pause Mark End 0.003ms
[2026-09-04T18:14:04.355-0700][0.581s] GC(0) O: Concurrent Mark Free 0.000ms
[2026-09-04T18:14:04.358-0700][0.583s] GC(0) O: Concurrent Process Non-Strong 2.352ms
[2026-09-04T18:14:04.358-0700][0.583s] GC(0) O: Concurrent Reset Relocation Set 0.000ms
[2026-09-04T18:14:04.358-0700][0.584s] GC(0) O: Concurrent Select Relocation Set 0.225ms
[2026-09-04T18:14:04.358-0700][0.584s] GC(0) O: Using 2 Workers for Old Generation
[2026-09-04T18:14:04.359-0700][0.584s] GC(0) O: Using 1 Workers for Old Generation
[2026-09-04T18:14:04.359-0700][0.584s] GC(0) O: Concurrent Remap Roots 0.604ms
[2026-09-04T18:14:04.359-0700][0.584s] GC(0) O: Pause Relocate Start 0.004ms
[2026-09-04T18:14:04.359-0700][0.584s] GC(0) O: Concurrent Relocate 0.012ms
[2026-09-04T18:14:04.359-0700][0.584s] GC(0) O:                         Mark Start        Mark End      Relocate Start    Relocate End   
[2026-09-04T18:14:04.359-0700][0.584s] GC(0) O: Allocation Stalls:          0                0                0                0         
[2026-09-04T18:14:04.359-0700][0.584s] GC(0) O: Load: 1.86 (19%) / 1.40 (14%) / 1.43 (14%)
[2026-09-04T18:14:04.359-0700][0.584s] GC(0) O: MMU: 2ms/99.7%, 5ms/99.8%, 10ms/99.9%, 20ms/99.9%, 50ms/100.0%, 100ms/100.0%
[2026-09-04T18:14:04.359-0700][0.584s] GC(0) O: Mark: 1 stripe(s), 1 proactive flush(es), 1 terminate flush(es), 0 completion(s), 0 continuation(s) 
[2026-09-04T18:14:04.359-0700][0.584s] GC(0) O: NMethods: 2082 registered, 214 unregistered
[2026-09-04T18:14:04.359-0700][0.584s] GC(0) O: Metaspace: 20M used, 21M committed, 1088M reserved
[2026-09-04T18:14:04.359-0700][0.584s] GC(0) O:                       Encountered   Discovered     Enqueued 
[2026-09-04T18:14:04.359-0700][0.584s] GC(0) O: Soft References:              876            0            0 
[2026-09-04T18:14:04.359-0700][0.584s] GC(0) O: Weak References:             1653            0            0 
[2026-09-04T18:14:04.359-0700][0.584s] GC(0) O: Final References:               0            0            0 
[2026-09-04T18:14:04.359-0700][0.584s] GC(0) O: Phantom References:           312            0            0 
[2026-09-04T18:14:04.359-0700][0.584s] GC(0) O: Min Capacity: 2048M(50%)
[2026-09-04T18:14:04.359-0700][0.584s] GC(0) O: Max Capacity: 4096M(100%)
[2026-09-04T18:14:04.359-0700][0.584s] GC(0) O: Soft Max Capacity: 4096M(100%)
[2026-09-04T18:14:04.359-0700][0.584s] GC(0) O: Heap Statistics:
[2026-09-04T18:14:04.359-0700][0.584s] GC(0) O:                Mark Start          Mark End        Relocate Start      Relocate End           High               Low         
[2026-09-04T18:14:04.359-0700][0.584s] GC(0) O:  Capacity:     2048M (50%)        2048M (50%)        2048M (50%)        2048M (50%)        2048M (50%)        2048M (50%)    
[2026-09-04T18:14:04.359-0700][0.584s] GC(0) O:      Free:     4014M (98%)        4054M (99%)        4054M (99%)        4054M (99%)        4054M (99%)        4008M (98%)    
[2026-09-04T18:14:04.359-0700][0.584s] GC(0) O:      Used:       82M (2%)           42M (1%)           42M (1%)           42M (1%)           88M (2%)           42M (1%)     
[2026-09-04T18:14:04.359-0700][0.584s] GC(0) O: Old Generation Statistics:
[2026-09-04T18:14:04.359-0700][0.584s] GC(0) O:                Mark Start          Mark End        Relocate Start      Relocate End    
[2026-09-04T18:14:04.359-0700][0.584s] GC(0) O:      Used:        0M (0%)            0M (0%)            0M (0%)            0M (0%)     
[2026-09-04T18:14:04.359-0700][0.584s] GC(0) O:      Live:         -                 0M (0%)            0M (0%)            0M (0%)     
[2026-09-04T18:14:04.359-0700][0.584s] GC(0) O:   Garbage:         -                 0M (0%)            0M (0%)            0M (0%)     
[2026-09-04T18:14:04.359-0700][0.585s] GC(0) O: Allocated:         -                 0M (0%)            0M (0%)            0M (0%)     
[2026-09-04T18:14:04.359-0700][0.585s] GC(0) O: Reclaimed:         -                  -                 0M (0%)            0M (0%)     
[2026-09-04T18:14:04.359-0700][0.585s] GC(0) O: Compacted:         -                  -                  -                 0M (0%)     
[2026-09-04T18:14:04.359-0700][0.585s] GC(0) O: Old Generation 42M(1%)->42M(1%) 0.004s
[2026-09-04T18:14:04.359-0700][0.585s] GC(0) Major Collection (Metadata GC Threshold) 82M(2%)->42M(1%) 0.012s
[2026-09-04T18:14:06.934-0700][3.159s] Stopping ZGC
[2026-09-04T18:14:06.934-0700][3.159s] === Garbage Collection Statistics =======================================================================================================================
[2026-09-04T18:14:06.934-0700][3.159s]                                                              Last 10s              Last 10m              Last 10h                Total
[2026-09-04T18:14:06.934-0700][3.159s]                                                              Avg / Max             Avg / Max             Avg / Max             Avg / Max
[2026-09-04T18:14:06.934-0700][3.159s]        Contention: Mark Segment Reset Contention                     0 / 0                 0 / 0                 0 / 0                 0 / 0           ops/s
[2026-09-04T18:14:06.934-0700][3.159s]        Contention: Mark SeqNum Reset Contention                      0 / 0                 0 / 0                 0 / 0                 0 / 0           ops/s
[2026-09-04T18:14:06.934-0700][3.159s]          Critical: Allocation Stall                                  0 / 0                 0 / 0                 0 / 0                 0 / 0           ops/s
[2026-09-04T18:14:06.934-0700][3.159s]          Critical: Allocation Stall                              0.000 / 0.000         0.000 / 0.000         0.000 / 0.000         0.000 / 0.000       ms
[2026-09-04T18:14:06.934-0700][3.159s]          Critical: JNI Critical Stall                                0 / 0                 0 / 0                 0 / 0                 0 / 0           ops/s
[2026-09-04T18:14:06.934-0700][3.159s]          Critical: JNI Critical Stall                            0.000 / 0.000         0.000 / 0.000         0.000 / 0.000         0.000 / 0.000       ms
[2026-09-04T18:14:06.934-0700][3.159s]          Critical: Relocation Stall                                  0 / 0                 0 / 0                 0 / 0                 0 / 0           ops/s
[2026-09-04T18:14:06.934-0700][3.159s]          Critical: Relocation Stall                              0.000 / 0.000         0.000 / 0.000         0.000 / 0.000         0.000 / 0.000       ms
[2026-09-04T18:14:06.934-0700][3.159s]  Major Collection: Major Collection                             12.027 / 12.027       12.027 / 12.027       12.027 / 12.027       12.027 / 12.027      ms
[2026-09-04T18:14:06.934-0700][3.159s]            Memory: Allocation Rate                                  54 / 90               54 / 90               54 / 90               54 / 90          MB/s
[2026-09-04T18:14:06.934-0700][3.159s]            Memory: Defragment                                        0 / 0                 0 / 0                 0 / 0                 0 / 0           ops/s
[2026-09-04T18:14:06.934-0700][3.159s]            Memory: Mapped Cache Harvest                              0 / 0                 0 / 0                 0 / 0                 0 / 0           MB/s
[2026-09-04T18:14:06.934-0700][3.159s]            Memory: Out Of Memory                                     0 / 0                 0 / 0                 0 / 0                 0 / 0           ops/s
[2026-09-04T18:14:06.934-0700][3.159s]            Memory: Uncommit                                          0 / 0                 0 / 0                 0 / 0                 0 / 0           MB/s
[2026-09-04T18:14:06.934-0700][3.159s]            Memory: Undo Object Allocation Failed                     0 / 0                 0 / 0                 0 / 0                 0 / 0           ops/s
[2026-09-04T18:14:06.934-0700][3.159s]            Memory: Undo Object Allocation Succeeded                  0 / 0                 0 / 0                 0 / 0                 0 / 0           ops/s
[2026-09-04T18:14:06.934-0700][3.159s]            Memory: Undo Page Allocation                              0 / 0                 0 / 0                 0 / 0                 0 / 0           ops/s
[2026-09-04T18:14:06.934-0700][3.159s]  Minor Collection: Minor Collection                              0.000 / 0.000         0.000 / 0.000         0.000 / 0.000         0.000 / 0.000       ms
[2026-09-04T18:14:06.934-0700][3.159s]    Old Generation: Old Generation                                3.668 / 3.668         3.668 / 3.668         3.668 / 3.668         3.668 / 3.668       ms
[2026-09-04T18:14:06.934-0700][3.159s]         Old Pause: Pause Mark End                                0.003 / 0.003         0.003 / 0.003         0.003 / 0.003         0.003 / 0.003       ms
[2026-09-04T18:14:06.934-0700][3.159s]         Old Pause: Pause Relocate Start                          0.004 / 0.004         0.004 / 0.004         0.004 / 0.004         0.004 / 0.004       ms
[2026-09-04T18:14:06.934-0700][3.159s]         Old Phase: Concurrent Mark                               0.293 / 0.293         0.293 / 0.293         0.293 / 0.293         0.293 / 0.293       ms
[2026-09-04T18:14:06.934-0700][3.159s]         Old Phase: Concurrent Mark Continue                      0.000 / 0.000         0.000 / 0.000         0.000 / 0.000         0.000 / 0.000       ms
[2026-09-04T18:14:06.934-0700][3.159s]         Old Phase: Concurrent Mark Free                          0.000 / 0.000         0.000 / 0.000         0.000 / 0.000         0.000 / 0.000       ms
[2026-09-04T18:14:06.934-0700][3.159s]         Old Phase: Concurrent Process Non-Strong                 2.352 / 2.352         2.352 / 2.352         2.352 / 2.352         2.352 / 2.352       ms
[2026-09-04T18:14:06.934-0700][3.159s]         Old Phase: Concurrent Relocate                           0.012 / 0.012         0.012 / 0.012         0.012 / 0.012         0.012 / 0.012       ms
[2026-09-04T18:14:06.934-0700][3.159s]         Old Phase: Concurrent Remap Roots                        0.604 / 0.604         0.604 / 0.604         0.604 / 0.604         0.604 / 0.604       ms
[2026-09-04T18:14:06.934-0700][3.159s]         Old Phase: Concurrent Reset Relocation Set               0.000 / 0.000         0.000 / 0.000         0.000 / 0.000         0.000 / 0.000       ms
[2026-09-04T18:14:06.934-0700][3.159s]         Old Phase: Concurrent Select Relocation Set              0.225 / 0.225         0.225 / 0.225         0.225 / 0.225         0.225 / 0.225       ms
[2026-09-04T18:14:06.934-0700][3.159s]      Old Subphase: Concurrent Classes Purge                      0.121 / 0.121         0.121 / 0.121         0.121 / 0.121         0.121 / 0.121       ms
[2026-09-04T18:14:06.934-0700][3.159s]      Old Subphase: Concurrent Classes Unlink                     1.993 / 1.993         1.993 / 1.993         1.993 / 1.993         1.993 / 1.993       ms
[2026-09-04T18:14:06.934-0700][3.159s]      Old Subphase: Concurrent Mark Follow                        0.091 / 0.091         0.091 / 0.091         0.091 / 0.091         0.091 / 0.091       ms
[2026-09-04T18:14:06.934-0700][3.159s]      Old Subphase: Concurrent Mark Root Colored                  0.037 / 0.037         0.037 / 0.037         0.037 / 0.037         0.037 / 0.037       ms
[2026-09-04T18:14:06.934-0700][3.159s]      Old Subphase: Concurrent Mark Root Uncolored                0.144 / 0.144         0.144 / 0.144         0.144 / 0.144         0.144 / 0.144       ms
[2026-09-04T18:14:06.934-0700][3.159s]      Old Subphase: Concurrent Mark Roots                         0.201 / 0.201         0.201 / 0.201         0.201 / 0.201         0.201 / 0.201       ms
[2026-09-04T18:14:06.934-0700][3.159s]      Old Subphase: Concurrent References Enqueue                 0.000 / 0.000         0.000 / 0.000         0.000 / 0.000         0.000 / 0.000       ms
[2026-09-04T18:14:06.934-0700][3.159s]      Old Subphase: Concurrent References Process                 0.006 / 0.006         0.006 / 0.006         0.006 / 0.006         0.006 / 0.006       ms
[2026-09-04T18:14:06.934-0700][3.159s]      Old Subphase: Concurrent Remap Remembered                   0.000 / 0.001         0.000 / 0.001         0.000 / 0.001         0.000 / 0.001       ms
[2026-09-04T18:14:06.934-0700][3.159s]      Old Subphase: Concurrent Remap Roots Colored                0.231 / 0.234         0.231 / 0.234         0.231 / 0.234         0.231 / 0.234       ms
[2026-09-04T18:14:06.934-0700][3.159s]      Old Subphase: Concurrent Remap Roots Uncolored              0.340 / 0.340         0.340 / 0.340         0.340 / 0.340         0.340 / 0.340       ms
[2026-09-04T18:14:06.934-0700][3.159s]      Old Subphase: Concurrent Roots ClassLoaderDataGraph         0.130 / 0.192         0.130 / 0.192         0.130 / 0.192         0.130 / 0.192       ms
[2026-09-04T18:14:06.934-0700][3.160s]      Old Subphase: Concurrent Roots CodeCache                    0.339 / 0.340         0.339 / 0.340         0.339 / 0.340         0.339 / 0.340       ms
[2026-09-04T18:14:06.934-0700][3.160s]      Old Subphase: Concurrent Roots JavaThreads                  0.049 / 0.144         0.049 / 0.144         0.049 / 0.144         0.049 / 0.144       ms
[2026-09-04T18:14:06.934-0700][3.160s]      Old Subphase: Concurrent Roots OopStorageSet                0.011 / 0.025         0.011 / 0.025         0.011 / 0.025         0.011 / 0.025       ms
[2026-09-04T18:14:06.934-0700][3.160s]      Old Subphase: Concurrent Weak Roots OopStorageSet           0.089 / 0.193         0.089 / 0.193         0.089 / 0.193         0.089 / 0.193       ms
[2026-09-04T18:14:06.934-0700][3.160s]            System: Java Threads                                     15 / 16               15 / 16               15 / 16               15 / 16          threads
[2026-09-04T18:14:06.934-0700][3.160s]  Young Generation: Young Generation                              8.030 / 8.030         8.030 / 8.030         8.030 / 8.030         8.030 / 8.030       ms
[2026-09-04T18:14:06.934-0700][3.160s]  Young Generation: Young Generation                              0.000 / 0.000         0.000 / 0.000         0.000 / 0.000         0.000 / 0.000       ms
[2026-09-04T18:14:06.934-0700][3.160s]  Young Generation: Young Generation (Collect Roots)              0.000 / 0.000         0.000 / 0.000         0.000 / 0.000         0.000 / 0.000       ms
[2026-09-04T18:14:06.934-0700][3.160s]  Young Generation: Young Generation (Promote All)                0.000 / 0.000         0.000 / 0.000         0.000 / 0.000         0.000 / 0.000       ms
[2026-09-04T18:14:06.934-0700][3.160s]       Young Pause: Pause Mark End                                0.004 / 0.004         0.004 / 0.004         0.004 / 0.004         0.004 / 0.004       ms
[2026-09-04T18:14:06.934-0700][3.160s]       Young Pause: Pause Mark Start                              0.000 / 0.000         0.000 / 0.000         0.000 / 0.000         0.000 / 0.000       ms
[2026-09-04T18:14:06.934-0700][3.160s]       Young Pause: Pause Mark Start (Major)                      0.006 / 0.006         0.006 / 0.006         0.006 / 0.006         0.006 / 0.006       ms
[2026-09-04T18:14:06.934-0700][3.160s]       Young Pause: Pause Relocate Start                          0.002 / 0.002         0.002 / 0.002         0.002 / 0.002         0.002 / 0.002       ms
[2026-09-04T18:14:06.934-0700][3.160s]       Young Phase: Concurrent Mark                               5.562 / 5.562         5.562 / 5.562         5.562 / 5.562         5.562 / 5.562       ms
[2026-09-04T18:14:06.934-0700][3.160s]       Young Phase: Concurrent Mark Continue                      0.000 / 0.000         0.000 / 0.000         0.000 / 0.000         0.000 / 0.000       ms
[2026-09-04T18:14:06.934-0700][3.160s]       Young Phase: Concurrent Mark Free                          0.001 / 0.001         0.001 / 0.001         0.001 / 0.001         0.001 / 0.001       ms
[2026-09-04T18:14:06.934-0700][3.160s]       Young Phase: Concurrent Relocate                           2.121 / 2.121         2.121 / 2.121         2.121 / 2.121         2.121 / 2.121       ms
[2026-09-04T18:14:06.934-0700][3.160s]       Young Phase: Concurrent Reset Relocation Set               0.000 / 0.000         0.000 / 0.000         0.000 / 0.000         0.000 / 0.000       ms
[2026-09-04T18:14:06.934-0700][3.160s]       Young Phase: Concurrent Select Relocation Set              0.150 / 0.150         0.150 / 0.150         0.150 / 0.150         0.150 / 0.150       ms
[2026-09-04T18:14:06.934-0700][3.160s]    Young Subphase: Concurrent Mark Follow                        3.878 / 3.878         3.878 / 3.878         3.878 / 3.878         3.878 / 3.878       ms
[2026-09-04T18:14:06.934-0700][3.160s]    Young Subphase: Concurrent Mark Root Colored                  0.309 / 0.309         0.309 / 0.309         0.309 / 0.309         0.309 / 0.309       ms
[2026-09-04T18:14:06.934-0700][3.160s]    Young Subphase: Concurrent Mark Root Uncolored                1.361 / 1.361         1.361 / 1.361         1.361 / 1.361         1.361 / 1.361       ms
[2026-09-04T18:14:06.934-0700][3.160s]    Young Subphase: Concurrent Mark Roots                         1.683 / 1.683         1.683 / 1.683         1.683 / 1.683         1.683 / 1.683       ms
[2026-09-04T18:14:06.934-0700][3.160s]    Young Subphase: Concurrent Relocate Remset FP                 0.016 / 0.016         0.016 / 0.016         0.016 / 0.016         0.016 / 0.016       ms
[2026-09-04T18:14:06.934-0700][3.160s]    Young Subphase: Concurrent Roots ClassLoaderDataGraph         0.078 / 0.078         0.078 / 0.078         0.078 / 0.078         0.078 / 0.078       ms
[2026-09-04T18:14:06.934-0700][3.160s]    Young Subphase: Concurrent Roots CodeCache                    1.059 / 1.059         1.059 / 1.059         1.059 / 1.059         1.059 / 1.059       ms
[2026-09-04T18:14:06.934-0700][3.160s]    Young Subphase: Concurrent Roots JavaThreads                  0.151 / 0.301         0.151 / 0.301         0.151 / 0.301         0.151 / 0.301       ms
[2026-09-04T18:14:06.934-0700][3.160s]    Young Subphase: Concurrent Roots OopStorageSet                0.040 / 0.040         0.040 / 0.040         0.040 / 0.040         0.040 / 0.040       ms
[2026-09-04T18:14:06.934-0700][3.160s]    Young Subphase: Concurrent Weak Roots OopStorageSet           0.190 / 0.190         0.190 / 0.190         0.190 / 0.190         0.190 / 0.190       ms
[2026-09-04T18:14:06.934-0700][3.160s] =========================================================================================================================================================
[2026-09-04T18:14:06.934-0700][3.160s] Heap
[2026-09-04T18:14:06.934-0700][3.160s]  ZHeap           used 122M, capacity 2048M, max capacity 4096M
[2026-09-04T18:14:06.934-0700][3.160s]   Cache          1926M (1)
[2026-09-04T18:14:06.934-0700][3.160s]    size classes  1G (1)
[2026-09-04T18:14:06.934-0700][3.160s]  Metaspace       used 30849K, committed 31808K, reserved 1114112K
[2026-09-04T18:14:06.934-0700][3.160s]   class space    used 4517K, committed 4928K, reserved 1048576K
